// automatically created from: tiny.pen
Version 2
// room 1
// entity 0
{
    "classname" "worldspawn"
    "spawnflags" "1"
    // primitive 0
    {
         brushDef3
         {
             // [[1, 1], [1, 7], 'wall', 'left']
             // left wall brick [[1, 1], [1, 7], 'wall', 'left']
             // floor of vbrick
             ( 0 0 -1 0 ) ( ( 0.0078125 0 0.5 ) ( 0 -0.0078125 -1 ) ) "textures/hell/cbrick2b" 0 0 0
             // ceiling of vbrick
             ( 0 0 1 -288 ) ( ( 0.0078125 0 0.5 ) ( 0 -0.0078125 -1 ) ) "textures/hell/cbrick2b" 0 0 0
             // top most horizontal of vbrick
             ( -1 0 0 -336 ) ( ( 0.0078125 0 0.5 ) ( 0 -0.0078125 -1 ) ) "textures/hell/cbrick2b" 0 0 0
             // left most vertical of vbrick
             ( 0 -1 0 -96 ) ( ( 0.0078125 0 0.5 ) ( 0 -0.0078125 -1 ) ) "textures/hell/cbrick2b" 0 0 0
             // bottom most horizontal of vbrick
             ( 1 0 0 96 ) ( ( 0.0078125 0 0.5 ) ( 0 -0.0078125 -1 ) ) "textures/hell/cbrick2b" 0 0 0
             // right most vertical of vbrick
             ( 0 1 0 95 ) ( ( 0.0078125 0 0.5 ) ( 0 -0.0078125 -1 ) ) "textures/hell/cbrick2b" 0 0 0
         }
    }
    // primitive 1
    {
         brushDef3
         {
             // [[1, 7], [60, 7], 'wall', 'top']
             // top wall brick [[1, 7], [60, 7], 'wall', 'top']
             // floor of hbrick
             ( 0 0 -1 0 ) ( ( 0.0078125 0 0.5 ) ( 0 -0.0078125 -1 ) ) "textures/hell/cbrick2b" 0 0 0
             // ceiling of hbrick
             ( 0 0 1 -288 ) ( ( 0.0078125 0 0.5 ) ( 0 -0.0078125 -1 ) ) "textures/hell/cbrick2b" 0 0 0
             // left most vertical of hbrick
             ( 0 -1 0 -2880 ) ( ( 0.0078125 0 0.5 ) ( 0 -0.0078125 -1 ) ) "textures/hell/cbrick2b" 0 0 0
             // bottom most horizontal of hbrick
             ( 1 0 0 336 ) ( ( 0.0078125 0 0.5 ) ( 0 -0.0078125 -1 ) ) "textures/hell/cbrick2b" 0 0 0
             // right most vertical of hbrick
             ( 0 1 0 96 ) ( ( 0.0078125 0 0.5 ) ( 0 -0.0078125 -1 ) ) "textures/hell/cbrick2b" 0 0 0
             // top most horizontal of hbrick
             ( -1 0 0 -337 ) ( ( 0.0078125 0 0.5 ) ( 0 -0.0078125 -1 ) ) "textures/hell/cbrick2b" 0 0 0
         }
    }
    // primitive 2
    {
         brushDef3
         {
             // [[60, 1], [60, 7], 'wall', 'right']
             // right wall brick [[60, 1], [60, 7], 'wall', 'right']
             // floor of vbrick
             ( 0 0 -1 0 ) ( ( 0.0078125 0 0.5 ) ( 0 -0.0078125 -1 ) ) "textures/hell/cbrick2b" 0 0 0
             // ceiling of vbrick
             ( 0 0 1 -288 ) ( ( 0.0078125 0 0.5 ) ( 0 -0.0078125 -1 ) ) "textures/hell/cbrick2b" 0 0 0
             // top most horizontal of vbrick
             ( -1 0 0 -336 ) ( ( 0.0078125 0 0.5 ) ( 0 -0.0078125 -1 ) ) "textures/hell/cbrick2b" 0 0 0
             // left most vertical of vbrick
             ( 0 -1 0 -2881 ) ( ( 0.0078125 0 0.5 ) ( 0 -0.0078125 -1 ) ) "textures/hell/cbrick2b" 0 0 0
             // bottom most horizontal of vbrick
             ( 1 0 0 96 ) ( ( 0.0078125 0 0.5 ) ( 0 -0.0078125 -1 ) ) "textures/hell/cbrick2b" 0 0 0
             // right most vertical of vbrick
             ( 0 1 0 2880 ) ( ( 0.0078125 0 0.5 ) ( 0 -0.0078125 -1 ) ) "textures/hell/cbrick2b" 0 0 0
         }
    }
    // primitive 3
    {
         brushDef3
         {
             // [[1, 1], [60, 1], 'wall', 'bottom']
             // bottom wall brick [[1, 1], [60, 1], 'wall', 'bottom']
             // floor of hbrick
             ( 0 0 -1 0 ) ( ( 0.0078125 0 0.5 ) ( 0 -0.0078125 -1 ) ) "textures/hell/cbrick2b" 0 0 0
             // ceiling of hbrick
             ( 0 0 1 -288 ) ( ( 0.0078125 0 0.5 ) ( 0 -0.0078125 -1 ) ) "textures/hell/cbrick2b" 0 0 0
             // left most vertical of hbrick
             ( 0 -1 0 -2880 ) ( ( 0.0078125 0 0.5 ) ( 0 -0.0078125 -1 ) ) "textures/hell/cbrick2b" 0 0 0
             // bottom most horizontal of hbrick
             ( 1 0 0 95 ) ( ( 0.0078125 0 0.5 ) ( 0 -0.0078125 -1 ) ) "textures/hell/cbrick2b" 0 0 0
             // right most vertical of hbrick
             ( 0 1 0 96 ) ( ( 0.0078125 0 0.5 ) ( 0 -0.0078125 -1 ) ) "textures/hell/cbrick2b" 0 0 0
             // top most horizontal of hbrick
             ( -1 0 0 -96 ) ( ( 0.0078125 0 0.5 ) ( 0 -0.0078125 -1 ) ) "textures/hell/cbrick2b" 0 0 0
         }
    }
    // primitive 4
    // ceiling for room 1
    {
         brushDef3
         {
             // floor of fbrick
             ( 0 0 -1 288 ) ( ( 0.015625 0 0 ) ( 0 0.015625 0 ) ) "textures/hell/wood1" 0 0 0
             // ceiling of fbrick
             ( 0 0 1 -289 ) ( ( 0.015625 0 0 ) ( 0 0.015625 0 ) ) "textures/hell/wood1" 0 0 0
             // top most horizontal of fbrick
             ( -1 0 0 -336 ) ( ( 0.015625 0 0 ) ( 0 0.015625 0 ) ) "textures/hell/wood1" 0 0 0
             // left most vertical of fbrick
             ( 0 -1 0 -2880 ) ( ( 0.015625 0 0 ) ( 0 0.015625 0 ) ) "textures/hell/wood1" 0 0 0
             // bottom most horizontal of fbrick
             ( 1 0 0 96 ) ( ( 0.015625 0 0 ) ( 0 0.015625 0 ) ) "textures/hell/wood1" 0 0 0
             // right most vertical of fbrick
             ( 0 1 0 96 ) ( ( 0.015625 0 0 ) ( 0 0.015625 0 ) ) "textures/hell/wood1" 0 0 0
         }
    }
    // primitive 5
    // floor for room 1
     // [[1, 1], [60, 7]]
    {
         brushDef3
         {
             // floor of fbrick
             ( 0 0 -1 -1 ) ( ( 0.015625 0 0 ) ( 0 0.015625 0 ) ) "textures/hell/qfloor" 0 0 0
             // ceiling of fbrick
             ( 0 0 1 0 ) ( ( 0.015625 0 0 ) ( 0 0.015625 0 ) ) "textures/hell/qfloor" 0 0 0
             // top most horizontal of fbrick
             ( -1 0 0 -336 ) ( ( 0.015625 0 0 ) ( 0 0.015625 0 ) ) "textures/hell/qfloor" 0 0 0
             // left most vertical of fbrick
             ( 0 -1 0 -2880 ) ( ( 0.015625 0 0 ) ( 0 0.015625 0 ) ) "textures/hell/qfloor" 0 0 0
             // bottom most horizontal of fbrick
             ( 1 0 0 96 ) ( ( 0.015625 0 0 ) ( 0 0.015625 0 ) ) "textures/hell/qfloor" 0 0 0
             // right most vertical of fbrick
             ( 0 1 0 96 ) ( ( 0.015625 0 0 ) ( 0 0.015625 0 ) ) "textures/hell/qfloor" 0 0 0
         }
    }
    // primitive 6
    // light block
    {
         brushDef3
         {
             // floor of vbrick
             ( 0 0 -1 0 ) ( ( 0.0078125 0 0.5 ) ( 0 -0.0078125 -1 ) ) "textures/hell/cbrick2b" 0 0 0
             // ceiling of vbrick
             ( 0 0 1 -96 ) ( ( 0.0078125 0 0.5 ) ( 0 -0.0078125 -1 ) ) "textures/hell/cbrick2b" 0 0 0
             // top most horizontal of vbrick
             ( -1 0 0 -156.0 ) ( ( 0.0078125 0 0.5 ) ( 0 -0.0078125 -1 ) ) "textures/hell/cbrick2b" 0 0 0
             // left most vertical of vbrick
             ( 0 -1 0 -732.0 ) ( ( 0.0078125 0 0.5 ) ( 0 -0.0078125 -1 ) ) "textures/hell/cbrick2b" 0 0 0
             // bottom most horizontal of vbrick
             ( 1 0 0 144 ) ( ( 0.0078125 0 0.5 ) ( 0 -0.0078125 -1 ) ) "textures/hell/cbrick2b" 0 0 0
             // right most vertical of vbrick
             ( 0 1 0 720 ) ( ( 0.0078125 0 0.5 ) ( 0 -0.0078125 -1 ) ) "textures/hell/cbrick2b" 0 0 0
         }
    }
    // primitive 6
    // light block
    {
         brushDef3
         {
             // floor of vbrick
             ( 0 0 -1 0 ) ( ( 0.0078125 0 0.5 ) ( 0 -0.0078125 -1 ) ) "textures/hell/cbrick2b" 0 0 0
             // ceiling of vbrick
             ( 0 0 1 -96 ) ( ( 0.0078125 0 0.5 ) ( 0 -0.0078125 -1 ) ) "textures/hell/cbrick2b" 0 0 0
             // top most horizontal of vbrick
             ( -1 0 0 -156.0 ) ( ( 0.0078125 0 0.5 ) ( 0 -0.0078125 -1 ) ) "textures/hell/cbrick2b" 0 0 0
             // left most vertical of vbrick
             ( 0 -1 0 -1788.0 ) ( ( 0.0078125 0 0.5 ) ( 0 -0.0078125 -1 ) ) "textures/hell/cbrick2b" 0 0 0
             // bottom most horizontal of vbrick
             ( 1 0 0 144 ) ( ( 0.0078125 0 0.5 ) ( 0 -0.0078125 -1 ) ) "textures/hell/cbrick2b" 0 0 0
             // right most vertical of vbrick
             ( 0 1 0 1776 ) ( ( 0.0078125 0 0.5 ) ( 0 -0.0078125 -1 ) ) "textures/hell/cbrick2b" 0 0 0
         }
    }
    // primitive 6
    // light block
    {
         brushDef3
         {
             // floor of vbrick
             ( 0 0 -1 0 ) ( ( 0.0078125 0 0.5 ) ( 0 -0.0078125 -1 ) ) "textures/hell/cbrick2b" 0 0 0
             // ceiling of vbrick
             ( 0 0 1 -96 ) ( ( 0.0078125 0 0.5 ) ( 0 -0.0078125 -1 ) ) "textures/hell/cbrick2b" 0 0 0
             // top most horizontal of vbrick
             ( -1 0 0 -252.0 ) ( ( 0.0078125 0 0.5 ) ( 0 -0.0078125 -1 ) ) "textures/hell/cbrick2b" 0 0 0
             // left most vertical of vbrick
             ( 0 -1 0 -348.0 ) ( ( 0.0078125 0 0.5 ) ( 0 -0.0078125 -1 ) ) "textures/hell/cbrick2b" 0 0 0
             // bottom most horizontal of vbrick
             ( 1 0 0 240 ) ( ( 0.0078125 0 0.5 ) ( 0 -0.0078125 -1 ) ) "textures/hell/cbrick2b" 0 0 0
             // right most vertical of vbrick
             ( 0 1 0 336 ) ( ( 0.0078125 0 0.5 ) ( 0 -0.0078125 -1 ) ) "textures/hell/cbrick2b" 0 0 0
         }
    }
    // primitive 6
    // light block
    {
         brushDef3
         {
             // floor of vbrick
             ( 0 0 -1 0 ) ( ( 0.0078125 0 0.5 ) ( 0 -0.0078125 -1 ) ) "textures/hell/cbrick2b" 0 0 0
             // ceiling of vbrick
             ( 0 0 1 -96 ) ( ( 0.0078125 0 0.5 ) ( 0 -0.0078125 -1 ) ) "textures/hell/cbrick2b" 0 0 0
             // top most horizontal of vbrick
             ( -1 0 0 -252.0 ) ( ( 0.0078125 0 0.5 ) ( 0 -0.0078125 -1 ) ) "textures/hell/cbrick2b" 0 0 0
             // left most vertical of vbrick
             ( 0 -1 0 -876.0 ) ( ( 0.0078125 0 0.5 ) ( 0 -0.0078125 -1 ) ) "textures/hell/cbrick2b" 0 0 0
             // bottom most horizontal of vbrick
             ( 1 0 0 240 ) ( ( 0.0078125 0 0.5 ) ( 0 -0.0078125 -1 ) ) "textures/hell/cbrick2b" 0 0 0
             // right most vertical of vbrick
             ( 0 1 0 864 ) ( ( 0.0078125 0 0.5 ) ( 0 -0.0078125 -1 ) ) "textures/hell/cbrick2b" 0 0 0
         }
    }
    // primitive 6
    // light block
    {
         brushDef3
         {
             // floor of vbrick
             ( 0 0 -1 0 ) ( ( 0.0078125 0 0.5 ) ( 0 -0.0078125 -1 ) ) "textures/hell/cbrick2b" 0 0 0
             // ceiling of vbrick
             ( 0 0 1 -96 ) ( ( 0.0078125 0 0.5 ) ( 0 -0.0078125 -1 ) ) "textures/hell/cbrick2b" 0 0 0
             // top most horizontal of vbrick
             ( -1 0 0 -252.0 ) ( ( 0.0078125 0 0.5 ) ( 0 -0.0078125 -1 ) ) "textures/hell/cbrick2b" 0 0 0
             // left most vertical of vbrick
             ( 0 -1 0 -2316.0 ) ( ( 0.0078125 0 0.5 ) ( 0 -0.0078125 -1 ) ) "textures/hell/cbrick2b" 0 0 0
             // bottom most horizontal of vbrick
             ( 1 0 0 240 ) ( ( 0.0078125 0 0.5 ) ( 0 -0.0078125 -1 ) ) "textures/hell/cbrick2b" 0 0 0
             // right most vertical of vbrick
             ( 0 1 0 2304 ) ( ( 0.0078125 0 0.5 ) ( 0 -0.0078125 -1 ) ) "textures/hell/cbrick2b" 0 0 0
         }
    }
}

// entity 1
{
    "classname" "info_player_start"
    "name" "info_player_start_1"
    "origin" "-168 -120 96"
    "angle" "180"
}
// entity 2
{
    "classname" "light"
    "name" "light_1"
    "origin" "-120 -696 144"
    "noshadows" "0"
    "nospecular" "0"
    "nodiffuse" "0"
    "falloff" "0.000000"
    "_color" "0.78 0.78 0.84"
    "light_radius" "225 225 225"
}
// entity 3
{
    "classname" "light"
    "name" "light_2"
    "origin" "-120 -1752 144"
    "noshadows" "0"
    "nospecular" "0"
    "nodiffuse" "0"
    "falloff" "0.000000"
    "_color" "0.78 0.78 0.84"
    "light_radius" "225 225 225"
}
// entity 4
{
    "classname" "light"
    "name" "light_3"
    "origin" "-216 -312 144"
    "noshadows" "0"
    "nospecular" "0"
    "nodiffuse" "0"
    "falloff" "0.000000"
    "_color" "0.78 0.78 0.84"
    "light_radius" "225 225 225"
}
// entity 5
{
    "classname" "light"
    "name" "light_4"
    "origin" "-216 -840 144"
    "noshadows" "0"
    "nospecular" "0"
    "nodiffuse" "0"
    "falloff" "0.000000"
    "_color" "0.78 0.78 0.84"
    "light_radius" "225 225 225"
}
// entity 6
{
    "classname" "light"
    "name" "light_5"
    "origin" "-216 -2280 144"
    "noshadows" "0"
    "nospecular" "0"
    "nodiffuse" "0"
    "falloff" "0.000000"
    "_color" "0.78 0.78 0.84"
    "light_radius" "225 225 225"
}
// entity 7
{
    "classname" "monster_demon_imp"
    "name" "monster_demon_imp_1"
    "anim" "idle"
    "origin" "-168 -2712 96"
    "ambush" "1"
}
// entity 8
{
    "inv_item" "4"
    "classname" "ammo_shells_large"
    "name" "ammo_shells_large_1"
    "origin" "-168 -552 24.0"
}
